python : Traceback (most 
recent call last):
At line:1 char:1
+ python 
test_payroll_debug.py > 
test_output.txt 2>&1
+ ~~~~~~~~~~~~~~~~~~~~~~~~~
~~~~~~~~~~~~~~~~~~~~~~~~~~
    + CategoryInfo         
     : NotSpecified: (Tra  
  ceback (most recent ca   
 ll last)::String) [],     
RemoteException
    + FullyQualifiedErrorI 
   d : NativeCommandError
 
  File "C:\Users\Admin\AppD
ata\Local\Programs\Python\P
ython313\Lib\site-packages\
sqlalchemy\sql\sqltypes.py"
, line 1709, in 
_object_value_for_elem
    return 
self._object_lookup[elem]  
# type: 
ignore[return-value]
           
~~~~~~~~~~~~~~~~~~~^^^^^^
KeyError: 'paid'

The above exception was 
the direct cause of the 
following exception:

Traceback (most recent 
call last):
  File "C:\Users\Admin\Pych
armProjects\FlaskProject1\t
est_payroll_debug.py", 
line 34, in <module>
    payrolls = Payroll.quer
y.limit(3).all()
  File "C:\Users\Admin\AppD
ata\Local\Programs\Python\P
ython313\Lib\site-packages\
sqlalchemy\orm\query.py", 
line 2704, in all
    return 
self._iter().all()  # 
type: ignore
           
~~~~~~~~~~~~~~~~^^
  File "C:\Users\Admin\AppD
ata\Local\Programs\Python\P
ython313\Lib\site-packages\
sqlalchemy\engine\result.py
", line 1786, in all
    return self._allrows()
           ~~~~~~~~~~~~~^^
  File "C:\Users\Admin\AppD
ata\Local\Programs\Python\P
ython313\Lib\site-packages\
sqlalchemy\engine\result.py
", line 560, in _allrows
    rows = 
self._fetchall_impl()
  File "C:\Users\Admin\AppD
ata\Local\Programs\Python\P
ython313\Lib\site-packages\
sqlalchemy\engine\result.py
", line 1693, in 
_fetchall_impl
    return self._real_resul
t._fetchall_impl()
           ~~~~~~~~~~~~~~~~
~~~~~~~~~~~~~~~~^^
  File "C:\Users\Admin\AppD
ata\Local\Programs\Python\P
ython313\Lib\site-packages\
sqlalchemy\engine\result.py
", line 2287, in 
_fetchall_impl
    return 
list(self.iterator)
  File "C:\Users\Admin\AppD
ata\Local\Programs\Python\P
ython313\Lib\site-packages\
sqlalchemy\orm\loading.py",
 line 220, in chunks
    fetch = 
cursor._raw_all_rows()
  File "C:\Users\Admin\AppD
ata\Local\Programs\Python\P
ython313\Lib\site-packages\
sqlalchemy\engine\result.py
", line 553, in 
_raw_all_rows
    return [make_row(row) 
for row in rows]
            ~~~~~~~~^^^^^
  File "lib/sqlalchemy/cyex
tension/resultproxy.pyx", 
line 22, in sqlalchemy.cyex
tension.resultproxy.BaseRow
.__init__
  File "lib/sqlalchemy/cyex
tension/resultproxy.pyx", 
line 79, in sqlalchemy.cyex
tension.resultproxy._apply_
processors
  File "C:\Users\Admin\AppD
ata\Local\Programs\Python\P
ython313\Lib\site-packages\
sqlalchemy\sql\sqltypes.py"
, line 1829, in process
    value = self._object_va
lue_for_elem(value)
  File "C:\Users\Admin\AppD
ata\Local\Programs\Python\P
ython313\Lib\site-packages\
sqlalchemy\dialects\mysql\e
numerated.py", line 110, 
in _object_value_for_elem
    return super()._object_
value_for_elem(elem)
           ~~~~~~~~~~~~~~~~
~~~~~~~~~~~~~~^^^^^^
  File "C:\Users\Admin\AppD
ata\Local\Programs\Python\P
ython313\Lib\site-packages\
sqlalchemy\sql\sqltypes.py"
, line 1711, in 
_object_value_for_elem
    raise LookupError(
    ...<7 lines>...
    ) from err
LookupError: 'paid' is not 
among the defined enum 
values. Enum name: 
payrollstatusenum. 
Possible values: DRAFT, 
CALCULATED, APPROVED, PAID
Traceback (most recent 
call last):
  File "C:\Users\Admin\AppD
ata\Local\Programs\Python\P
ython313\Lib\site-packages\
sqlalchemy\sql\sqltypes.py"
, line 1709, in 
_object_value_for_elem
    return 
self._object_lookup[elem]  
# type: 
ignore[return-value]
           
~~~~~~~~~~~~~~~~~~~^^^^^^
KeyError: 'paid'

The above exception was 
the direct cause of the 
following exception:

Traceback (most recent 
call last):
  File "C:\Users\Admin\Pych
armProjects\FlaskProject1\t
est_payroll_debug.py", 
line 47, in <module>
    stats = payroll_service
.get_payroll_stats()
  File "C:\Users\Admin\Pych
armProjects\FlaskProject1\b
ackend\services\payroll_ser
vice.py", line 19, in 
get_payroll_stats
    payrolls = query.all()
  File "C:\Users\Admin\AppD
ata\Local\Programs\Python\P
ython313\Lib\site-packages\
sqlalchemy\orm\query.py", 
line 2704, in all
    return 
self._iter().all()  # 
type: ignore
           
~~~~~~~~~~~~~~~~^^
  File "C:\Users\Admin\AppD
ata\Local\Programs\Python\P
ython313\Lib\site-packages\
sqlalchemy\engine\result.py
", line 1786, in all
    return self._allrows()
           ~~~~~~~~~~~~~^^
  File "C:\Users\Admin\AppD
ata\Local\Programs\Python\P
ython313\Lib\site-packages\
sqlalchemy\engine\result.py
", line 560, in _allrows
    rows = 
self._fetchall_impl()
  File "C:\Users\Admin\AppD
ata\Local\Programs\Python\P
ython313\Lib\site-packages\
sqlalchemy\engine\result.py
", line 1693, in 
_fetchall_impl
    return self._real_resul
t._fetchall_impl()
           ~~~~~~~~~~~~~~~~
~~~~~~~~~~~~~~~~^^
  File "C:\Users\Admin\AppD
ata\Local\Programs\Python\P
ython313\Lib\site-packages\
sqlalchemy\engine\result.py
", line 2287, in 
_fetchall_impl
    return 
list(self.iterator)
  File "C:\Users\Admin\AppD
ata\Local\Programs\Python\P
ython313\Lib\site-packages\
sqlalchemy\orm\loading.py",
 line 220, in chunks
    fetch = 
cursor._raw_all_rows()
  File "C:\Users\Admin\AppD
ata\Local\Programs\Python\P
ython313\Lib\site-packages\
sqlalchemy\engine\result.py
", line 553, in 
_raw_all_rows
    return [make_row(row) 
for row in rows]
            ~~~~~~~~^^^^^
  File "lib/sqlalchemy/cyex
tension/resultproxy.pyx", 
line 22, in sqlalchemy.cyex
tension.resultproxy.BaseRow
.__init__
  File "lib/sqlalchemy/cyex
tension/resultproxy.pyx", 
line 79, in sqlalchemy.cyex
tension.resultproxy._apply_
processors
  File "C:\Users\Admin\AppD
ata\Local\Programs\Python\P
ython313\Lib\site-packages\
sqlalchemy\sql\sqltypes.py"
, line 1829, in process
    value = self._object_va
lue_for_elem(value)
  File "C:\Users\Admin\AppD
ata\Local\Programs\Python\P
ython313\Lib\site-packages\
sqlalchemy\dialects\mysql\e
numerated.py", line 110, 
in _object_value_for_elem
    return super()._object_
value_for_elem(elem)
           ~~~~~~~~~~~~~~~~
~~~~~~~~~~~~~~^^^^^^
  File "C:\Users\Admin\AppD
ata\Local\Programs\Python\P
ython313\Lib\site-packages\
sqlalchemy\sql\sqltypes.py"
, line 1711, in 
_object_value_for_elem
    raise LookupError(
    ...<7 lines>...
    ) from err
LookupError: 'paid' is not 
among the defined enum 
values. Enum name: 
payrollstatusenum. 
Possible values: DRAFT, 
CALCULATED, APPROVED, PAID
Traceback (most recent 
call last):
  File "C:\Users\Admin\AppD
ata\Local\Programs\Python\P
ython313\Lib\site-packages\
sqlalchemy\sql\sqltypes.py"
, line 1709, in 
_object_value_for_elem
    return 
self._object_lookup[elem]  
# type: 
ignore[return-value]
           
~~~~~~~~~~~~~~~~~~~^^^^^^
KeyError: 'paid'

The above exception was 
the direct cause of the 
following exception:

Traceback (most recent 
call last):
  File "C:\Users\Admin\Pych
armProjects\FlaskProject1\t
est_payroll_debug.py", 
line 55, in <module>
    emps, total = payroll_s
ervice.get_payroll_employee
s()
                  ~~~~~~~~~
~~~~~~~~~~~~~~~~~~~~~~~~~~~
~^^
  File "C:\Users\Admin\Pych
armProjects\FlaskProject1\b
ackend\services\payroll_ser
vice.py", line 45, in 
get_payroll_employees
    .offset((page - 1) * 
limit).limit(limit).all()
                           
                  ~~~^^
  File "C:\Users\Admin\AppD
ata\Local\Programs\Python\P
ython313\Lib\site-packages\
sqlalchemy\orm\query.py", 
line 2704, in all
    return 
self._iter().all()  # 
type: ignore
           
~~~~~~~~~~~~~~~~^^
  File "C:\Users\Admin\AppD
ata\Local\Programs\Python\P
ython313\Lib\site-packages\
sqlalchemy\engine\result.py
", line 1786, in all
    return self._allrows()
           ~~~~~~~~~~~~~^^
  File "C:\Users\Admin\AppD
ata\Local\Programs\Python\P
ython313\Lib\site-packages\
sqlalchemy\engine\result.py
", line 560, in _allrows
    rows = 
self._fetchall_impl()
  File "C:\Users\Admin\AppD
ata\Local\Programs\Python\P
ython313\Lib\site-packages\
sqlalchemy\engine\result.py
", line 1693, in 
_fetchall_impl
    return self._real_resul
t._fetchall_impl()
           ~~~~~~~~~~~~~~~~
~~~~~~~~~~~~~~~~^^
  File "C:\Users\Admin\AppD
ata\Local\Programs\Python\P
ython313\Lib\site-packages\
sqlalchemy\engine\result.py
", line 2287, in 
_fetchall_impl
    return 
list(self.iterator)
  File "C:\Users\Admin\AppD
ata\Local\Programs\Python\P
ython313\Lib\site-packages\
sqlalchemy\orm\loading.py",
 line 220, in chunks
    fetch = 
cursor._raw_all_rows()
  File "C:\Users\Admin\AppD
ata\Local\Programs\Python\P
ython313\Lib\site-packages\
sqlalchemy\engine\result.py
", line 553, in 
_raw_all_rows
    return [make_row(row) 
for row in rows]
            ~~~~~~~~^^^^^
  File "lib/sqlalchemy/cyex
tension/resultproxy.pyx", 
line 22, in sqlalchemy.cyex
tension.resultproxy.BaseRow
.__init__
  File "lib/sqlalchemy/cyex
tension/resultproxy.pyx", 
line 79, in sqlalchemy.cyex
tension.resultproxy._apply_
processors
  File "C:\Users\Admin\AppD
ata\Local\Programs\Python\P
ython313\Lib\site-packages\
sqlalchemy\sql\sqltypes.py"
, line 1829, in process
    value = self._object_va
lue_for_elem(value)
  File "C:\Users\Admin\AppD
ata\Local\Programs\Python\P
ython313\Lib\site-packages\
sqlalchemy\dialects\mysql\e
numerated.py", line 110, 
in _object_value_for_elem
    return super()._object_
value_for_elem(elem)
           ~~~~~~~~~~~~~~~~
~~~~~~~~~~~~~~^^^^^^
  File "C:\Users\Admin\AppD
ata\Local\Programs\Python\P
ython313\Lib\site-packages\
sqlalchemy\sql\sqltypes.py"
, line 1711, in 
_object_value_for_elem
    raise LookupError(
    ...<7 lines>...
    ) from err
LookupError: 'paid' is not 
among the defined enum 
values. Enum name: 
payrollstatusenum. 
Possible values: DRAFT, 
CALCULATED, APPROVED, PAID
Traceback (most recent 
call last):
  File "C:\Users\Admin\Pych
armProjects\FlaskProject1\t
est_payroll_debug.py", 
line 63, in <module>
    result = payroll_servic
e.calculate_payroll_for_mon
th(3, 2026, '1')
  File "C:\Users\Admin\Pych
armProjects\FlaskProject1\b
ackend\services\payroll_ser
vice.py", line 152, in 
calculate_payroll_for_month
    
payroll.calculate_payroll()
    
~~~~~~~~~~~~~~~~~~~~~~~~~^^
  File "C:\Users\Admin\Pych
armProjects\FlaskProject1\b
ackend\models\Payroll.py", 
line 49, in 
calculate_payroll
    self.bhxh_amount = 
int(self.basic_salary * 
self.bhxh_rate)
                           
~~~~~~~~~~~~~~~~~~^~~~~~~~~
~~~~~~~
TypeError: unsupported 
operand type(s) for *: 
'int' and 'NoneType'
=== 1. Check Payroll table raw query ===
Found 5 payroll records
  {'id': 1, 'payroll_id': 'PR-122025-EMP001', 'basic_salary': 12000000, 'allowance': 1000000, 'bhxh_amount': 960000, 'bhyt_amount': 180000, 'tax_amount': 650000, 'deductions': 0, 'status': 'paid'}
  {'id': 2, 'payroll_id': 'PR-122025-EMP002', 'basic_salary': 18000000, 'allowance': 1500000, 'bhxh_amount': 1440000, 'bhyt_amount': 270000, 'tax_amount': 975000, 'deductions': 0, 'status': 'paid'}
  {'id': 3, 'payroll_id': 'PR-122025-EMP003', 'basic_salary': 11000000, 'allowance': 1000000, 'bhxh_amount': 880000, 'bhyt_amount': 165000, 'tax_amount': 600000, 'deductions': 0, 'status': 'paid'}
  {'id': 4, 'payroll_id': 'PR-122025-EMP004', 'basic_salary': 30000000, 'allowance': 1000000, 'bhxh_amount': 2400000, 'bhyt_amount': 450000, 'tax_amount': 1550000, 'deductions': 0, 'status': 'paid'}
  {'id': 5, 'payroll_id': 'PR-122025-EMP005', 'basic_salary': 13000000, 'allowance': 1000000, 'bhxh_amount': 1040000, 'bhyt_amount': 195000, 'tax_amount': 700000, 'deductions': 0, 'status': 'paid'}

=== 2. Check Employee table ===
Found 5 employee records
  {'id': 1, 'employee_id': 'EMP001', 'full_name': 'Nguyen Thi Lan', 'basic_salary': 12000000, 'status': 'active'}
  {'id': 2, 'employee_id': 'EMP002', 'full_name': 'Tran Van Hung', 'basic_salary': 18000000, 'status': 'active'}
  {'id': 3, 'employee_id': 'EMP003', 'full_name': 'Le Thi Mai', 'basic_salary': 11000000, 'status': 'active'}
  {'id': 4, 'employee_id': 'EMP004', 'full_name': 'Pham Quoc Bao', 'basic_salary': 30000000, 'status': 'active'}
  {'id': 5, 'employee_id': 'EMP005', 'full_name': 'Hoang Thi Thu', 'basic_salary': 13000000, 'status': 'active'}

=== 3. Test Payroll ORM query ===

=== 4. Test get_payroll_stats ===

=== 5. Test get_payroll_employees ===

=== 6. Test calculate_payroll_for_month ===
